Commit: initial
Commit: Wed Jul  8 22:56:43 UTC 2026
Commit: Thu Jul  9 23:02:58 UTC 2026
Commit: Fri Jul 10 22:51:51 UTC 2026
Commit: Sat Jul 11 22:38:06 UTC 2026
Commit: Sun Jul 12 22:38:12 UTC 2026
Commit: Mon Jul 13 22:45:32 UTC 2026
Commit: Tue Jul 14 22:47:30 UTC 2026
Commit: Wed Jul 15 22:50:13 UTC 2026
Commit: Thu Jul 16 22:50:04 UTC 2026
Commit: Fri Jul 17 22:39:43 UTC 2026
Commit: Sat Jul 18 22:39:08 UTC 2026
Commit: Sun Jul 19 22:41:34 UTC 2026
Commit: Mon Jul 20 22:47:39 UTC 2026
Commit: Tue Jul 21 22:45:41 UTC 2026
Commit: Wed Jul 22 22:54:03 UTC 2026
Commit: Thu Jul 23 22:47:46 UTC 2026
Commit: Fri Jul 24 22:53:39 UTC 2026
Commit: Sat Jul 25 22:44:17 UTC 2026
Commit: Sun Jul 26 22:51:26 UTC 2026
Commit: Mon Jul 27 22:52:57 UTC 2026
Commit: Tue Jul 28 22:51:46 UTC 2026
Commit: Wed Jul 29 22:52:01 UTC 2026
Commit: Thu Jul 30 22:56:28 UTC 2026
Commit: Fri Jul 31 22:51:51 UTC 2026
Commit: Sat Aug  1 22:44:36 UTC 2026
Commit: Sun Aug  2 22:45:42 UTC 2026
Commit: Mon Aug  3 22:52:38 UTC 2026
Commit: Tue Aug  4 22:52:58 UTC 2026
Commit: Wed Aug  5 22:49:01 UTC 2026
Commit: Fri Aug  7 01:27:35 UTC 2026
Commit: Fri Aug  7 22:25:36 UTC 2026
Commit: Sat Aug  8 22:18:24 UTC 2026
Commit: Sun Aug  9 22:20:01 UTC 2026
Commit: Mon Aug 10 22:27:04 UTC 2026
Commit: Tue Aug 11 22:32:05 UTC 2026
Commit: Wed Aug 12 22:30:40 UTC 2026
Commit: Thu Aug 13 22:31:23 UTC 2026
Commit: Fri Aug 14 22:13:06 UTC 2026
Commit: Sat Aug 15 22:11:16 UTC 2026
Commit: Sun Aug 16 22:11:31 UTC 2026
Commit: Mon Aug 17 22:14:13 UTC 2026
Commit: Tue Aug 18 22:12:34 UTC 2026
Commit: Wed Aug 19 22:14:49 UTC 2026
